
> backend@1.0.0 build
> tsc

src/common/middleware/rateLimit.middleware.ts(10,9): error TS2739: Type 'RedisClient<{ json: { ARRAPPEND: { readonly IS_READ_ONLY: false; readonly parseCommand: (this: void, parser: CommandParser, key: RedisArgument, path: RedisArgument, json: RedisJSON, ...jsons: RedisJSON[]) => void; readonly transformReply: () => NumberReply<...> | ArrayReply<...>; }; ... 44 more ...; type: { ...; }; ...' is missing the following properties from type 'Redis': sadd, hset, evalsha, smismember
src/common/middleware/rateLimit.middleware.ts(18,9): error TS2739: Type 'RedisClient<{ json: { ARRAPPEND: { readonly IS_READ_ONLY: false; readonly parseCommand: (this: void, parser: CommandParser, key: RedisArgument, path: RedisArgument, json: RedisJSON, ...jsons: RedisJSON[]) => void; readonly transformReply: () => NumberReply<...> | ArrayReply<...>; }; ... 44 more ...; type: { ...; }; ...' is missing the following properties from type 'Redis': sadd, hset, evalsha, smismember
src/common/middleware/rateLimit.middleware.ts(26,9): error TS2739: Type 'RedisClient<{ json: { ARRAPPEND: { readonly IS_READ_ONLY: false; readonly parseCommand: (this: void, parser: CommandParser, key: RedisArgument, path: RedisArgument, json: RedisJSON, ...jsons: RedisJSON[]) => void; readonly transformReply: () => NumberReply<...> | ArrayReply<...>; }; ... 44 more ...; type: { ...; }; ...' is missing the following properties from type 'Redis': sadd, hset, evalsha, smismember
src/common/middleware/rateLimit.middleware.ts(34,9): error TS2739: Type 'RedisClient<{ json: { ARRAPPEND: { readonly IS_READ_ONLY: false; readonly parseCommand: (this: void, parser: CommandParser, key: RedisArgument, path: RedisArgument, json: RedisJSON, ...jsons: RedisJSON[]) => void; readonly transformReply: () => NumberReply<...> | ArrayReply<...>; }; ... 44 more ...; type: { ...; }; ...' is missing the following properties from type 'Redis': sadd, hset, evalsha, smismember
src/common/middleware/rateLimit.middleware.ts(42,9): error TS2739: Type 'RedisClient<{ json: { ARRAPPEND: { readonly IS_READ_ONLY: false; readonly parseCommand: (this: void, parser: CommandParser, key: RedisArgument, path: RedisArgument, json: RedisJSON, ...jsons: RedisJSON[]) => void; readonly transformReply: () => NumberReply<...> | ArrayReply<...>; }; ... 44 more ...; type: { ...; }; ...' is missing the following properties from type 'Redis': sadd, hset, evalsha, smismember
src/common/utils/cache.service.ts(54,33): error TS2556: A spread argument must either have a tuple type or be passed to a rest parameter.
src/common/utils/cache.service.ts(111,13): error TS2322: Type 'string | number | bigint | boolean | SimpleError | BlobError | (string | number | bigint | boolean | SimpleError | BlobError | (string | ... 7 more ... | null)[] | { ...; } | null)[] | { ...; } | null' is not assignable to type 'number'.
  Type 'null' is not assignable to type 'number'.
node.exe : npm error 
Lifecycle script 
`build` failed with 
error:
At line:1 char:1
+ & "C:\Program Files\
nodejs/node.exe" 
"C:\Program 
Files\nodejs/node_mo 
...
+ ~~~~~~~~~~~~~~~~~~~~
~~~~~~~~~~~~~~~~~~~~~~
~~~~~~~~~~~~~~~~~~~~~~
~~~~~
    + CategoryInfo    
          : NotSpeci  
  fied: (npm error    
 Lifec...led with     
error::String) []    
, RemoteException
    + FullyQualifiedE 
   rrorId : NativeCo  
  mmandError
 
npm error code 2
npm error path C:\User
s\abdur\.gemini\GSG\in
stitutional-management
\backend
npm error workspace 
backend@1.0.0
npm error location C:\
Users\abdur\.gemini\GS
G\institutional-manage
ment\backend
npm error command 
failed
npm error command C:\W
INDOWS\system32\cmd.ex
e /d /s /c tsc
