node.exe : (node:12524) [DEP0169] DeprecationWarning: `url.parse()` behavior is not standardized and prone to 
errors that have security implications. Use the WHATWG URL API instead. CVEs are not issued for `url.parse()` 
vulnerabilities.
At line:1 char:1
+ & "C:\Program Files\nodejs/node.exe" "C:\Program Files\nodejs/node_mo ...
+ ~~~~~~~~~~~~~~~~~~~~~~~~~~~~~~~~~~~~~~~~~~~~~~~~~~~~~~~~~~~~~~~~~~~~~
    + CategoryInfo          : NotSpecified: ((node:12524) [D...ulnerabilities.:String) [], RemoteException
    + FullyQualifiedErrorId : NativeCommandError
 
(Use `node --trace-deprecation ...` to show where the warning was created)
  console.log
    [2026-02-18T06:09:06.060Z] [INFO] Storage directory created/verified: storage\payments

      at Logger.info (src/common/utils/logger.service.ts:17:17)

  console.log
    [2026-02-18T06:09:06.072Z] [INFO] Storage directory created/verified: storage\invoices

      at Logger.info (src/common/utils/logger.service.ts:17:17)

  console.log
    [2026-02-18T06:09:06.072Z] [INFO] Storage directory created/verified: storage\assignments

      at Logger.info (src/common/utils/logger.service.ts:17:17)

  console.log
    [2026-02-18T06:09:06.073Z] [INFO] Storage directory created/verified: storage\study-materials

      at Logger.info (src/common/utils/logger.service.ts:17:17)

  console.log
    [2026-02-18T06:09:06.073Z] [INFO] Storage directory created/verified: storage\temp

      at Logger.info (src/common/utils/logger.service.ts:17:17)

  console.log
    [2026-02-18T06:09:06.074Z] [INFO] Storage service initialized

      at Logger.info (src/common/utils/logger.service.ts:17:17)

  console.error
    Rate limit error: TypeError: Cannot destructure property 'success' of '(intermediate value)' as it is undefined.
        at C:\Users\abdur\.gemini\GSG\institutional-management\backend\src\common\middleware\rateLimit.middleware.ts:58:21
        at processTicksAndRejections (node:internal/process/task_queues:103:5)

    [0m [90m 77 |[39m         } [36mcatch[39m (error) {
     [90m 78 |[39m             [90m// If rate limiting fails, allow the request (fail open)[39m
    [31m[1m>[22m[39m[90m 79 |[39m             console[33m.[39merror([32m'Rate limit error:'[39m[33m,[39m error)[33m;[39m
     [90m    |[39m                     [31m[1m^[22m[39m
     [90m 80 |[39m             next()[33m;[39m
     [90m 81 |[39m         }
     [90m 82 |[39m     }[33m;[39m[0m

      at src/common/middleware/rateLimit.middleware.ts:79:21

  console.log
    prisma:error 
    Invalid `prisma.user.create()` invocation in
    C:\Users\abdur\.gemini\GSG\institutional-management\backend\src\modules\auth\auth.service.ts:274:40
    
      271 const password_hash = await bcrypt.hash(data.password, 10);
      272 
      273 // 3. Create user with profile
    ΓåÆ 274 const user = await prisma.user.create(
    Error occurred during query execution:
    ConnectorError(ConnectorError { user_facing_error: None, kind: QueryError(PostgresError { code: "42804", message: "column \"role\" is of type user_role but expression is of type \"Role\"", severity: "ERROR", detail: None, column: None, hint: Some("You will need to rewrite or cast the expression.") }), transient: false })

      at Object.mc (../node_modules/.prisma/client/runtime/library.js:21:432)

  console.error
    [2026-02-18T06:09:07.592Z] [ERROR] Unexpected error {"path":"/api/v1/auth/register","method":"POST","error":{"message":"\nInvalid `prisma.user.create()` invocation in\nC:\\Users\\abdur\\.gemini\\GSG\\institutional-management\\backend\\src\\modules\\auth\\auth.service.ts:274:40\n\n  271 const password_hash = await bcrypt.hash(data.password, 10);\n  272 \n  273 // 3. Create user with profile\nΓåÆ 274 const user = await prisma.user.create(\nError occurred during query execution:\nConnectorError(ConnectorError { user_facing_error: None, kind: QueryError(PostgresError { code: \"42804\", message: \"column \\\"role\\\" is of type user_role but expression is of type \\\"Role\\\"\", severity: \"ERROR\", detail: None, column: None, hint: Some(\"You will need to rewrite or cast the expression.\") }), transient: false })","stack":"PrismaClientUnknownRequestError: \nInvalid `prisma.user.create()` invocation in\nC:\\Users\\abdur\\.gemini\\GSG\\institutional-management\\backend\\src\\modules\\auth\\auth.service.ts:274:40\n\n  271 const password_hash = await bcrypt.hash(data.password, 10);\n  272 \n  273 // 3. Create user with profile\nΓåÆ 274 const user = await prisma.user.create(\nError occurred during query execution:\nConnectorError(ConnectorError { user_facing_error: None, kind: QueryError(PostgresError { code: \"42804\", message: \"column \\\"role\\\" is of type user_role but expression is of type \\\"Role\\\"\", severity: \"ERROR\", detail: None, column: None, hint: Some(\"You will need to rewrite or cast the expression.\") }), transient: false })\n    at $n.handleRequestError (C:\\Users\\abdur\\.gemini\\GSG\\institutional-management\\node_modules\\.prisma\\client\\runtime\\library.js:121:7505)\n    at $n.handleAndLogRequestError (C:\\Users\\abdur\\.gemini\\GSG\\institutional-management\\node_modules\\.prisma\\client\\runtime\\library.js:121:6623)\n    at $n.request (C:\\Users\\abdur\\.gemini\\GSG\\institutional-management\\node_modules\\.prisma\\client\\runtime\\library.js:121:6307)\n    at l (C:\\Users\\abdur\\.gemini\\GSG\\institutional-management\\node_modules\\.prisma\\client\\runtime\\library.js:130:9633)\n    at AuthService.register (C:\\Users\\abdur\\.gemini\\GSG\\institutional-management\\backend\\src\\modules\\auth\\auth.service.ts:274:22)\n    at register (C:\\Users\\abdur\\.gemini\\GSG\\institutional-management\\backend\\src\\modules\\auth\\auth.controller.ts:27:24)","name":"PrismaClientUnknownRequestError"}}

    [0m [90m 31 |[39m             } [33m:[39m error[33m,[39m
     [90m 32 |[39m         }[33m;[39m
    [31m[1m>[22m[39m[90m 33 |[39m         console[33m.[39merror([36mthis[39m[33m.[39mformatMessage([32m'error'[39m[33m,[39m message[33m,[39m errorContext))[33m;[39m
     [90m    |[39m                 [31m[1m^[22m[39m
     [90m 34 |[39m     }
     [90m 35 |[39m
     [90m 36 |[39m     debug(message[33m:[39m string[33m,[39m context[33m?[39m[33m:[39m [33mLogContext[39m)[33m:[39m [36mvoid[39m {[0m

      at Logger.error (src/common/utils/logger.service.ts:33:17)
      at errorHandler (src/common/middleware/errorHandler.middleware.ts:40:12)
      at newFn (../node_modules/express-async-errors/index.js:16:20)
      at Layer.handle_error (../node_modules/express/lib/router/layer.js:71:5)
      at trim_prefix (../node_modules/express/lib/router/index.js:326:13)
      at ../node_modules/express/lib/router/index.js:286:9
      at router.process_params (../node_modules/express/lib/router/index.js:346:12)
      at next (../node_modules/express/lib/router/index.js:280:10)
      at Layer.handle_error (../node_modules/express/lib/router/layer.js:67:12)
      at trim_prefix (../node_modules/express/lib/router/index.js:326:13)
      at ../node_modules/express/lib/router/index.js:286:9
      at router.process_params (../node_modules/express/lib/router/index.js:346:12)
      at next (../node_modules/express/lib/router/index.js:280:10)
      at ../node_modules/express/lib/router/index.js:646:15
      at next (../node_modules/express/lib/router/index.js:265:14)
      at ../node_modules/express/lib/router/index.js:646:15
      at next (../node_modules/express/lib/router/index.js:265:14)
      at next (../node_modules/express/lib/router/route.js:141:14)
      at ../node_modules/express-async-errors/index.js:18:44

::ffff:127.0.0.1 - - [18/Feb/2026:06:09:07 +0000] "POST /api/v1/auth/register HTTP/1.1" 500 116 "-" "-"
FAIL tests/integration/auth.test.ts (5.687 s)
  Auth Integration Tests
    POST /api/v1/auth/register
      ├ù should register a new student (1074 ms)
      Γùï skipped should fail if email already exists
    POST /api/v1/auth/login
      Γùï skipped should login successfully with correct credentials
      Γùï skipped should fail with incorrect password
    GET /api/v1/auth/me
      Γùï skipped should returns user profile when authenticated
      Γùï skipped should fail when no token provided

  ΓùÅ Auth Integration Tests ΓÇ║ POST /api/v1/auth/register ΓÇ║ should register a new student

    expect(received).toBe(expected) // Object.is equality

    Expected: 201
    Received: 500

    [0m [90m 22 |[39m                 })[33m;[39m
     [90m 23 |[39m
    [31m[1m>[22m[39m[90m 24 |[39m             
expect(res[33m.[39mstatus)[33m.[39mtoBe([35m201[39m)[33m;[39m
     [90m    |[39m                                [31m[1m^[22m[39m
     [90m 25 |[39m             
expect(res[33m.[39mbody[33m.[39msuccess)[33m.[39mtoBe([36mtrue[39m)[33m;[39m
     [90m 26 |[39m             expect(res[33m.[39mbody[33m.[39mdata[33m.[39muser[33m.[39memail)[33m
.[39mtoBe([32m'student@example.com'[39m)[33m;[39m
     [90m 27 |[39m             expect(res[33m.[39mbody[33m.[39mdata[33m.[39muser[33m.[39mrole)[33m.
[39mtoBe([32m'STUDENT'[39m)[33m;[39m[0m

      at Object.<anonymous> (tests/integration/auth.test.ts:24:32)

Test Suites: 1 failed, 1 total
Tests:       1 failed, 5 skipped, 6 total
Snapshots:   0 total
Time:        5.892 s
Ran all test suites matching /tests\\integration\\auth.test.ts/i with tests matching "should register a new 
student".
Force exiting Jest: Have you considered using `--detectOpenHandles` to detect async operations that kept 
running after all tests finished?
